....................................................................Fsss [ 41%]
s....................................................................... [ 83%]
.............................                                            [100%]
============================== warnings summary ===============================
.venv\Lib\site-packages\_pytest\config\__init__.py:1474
  C:\Users\jennings\Documents\repos\django-mvp\.venv\Lib\site-packages\_pytest\config\__init__.py:1474: PytestConfigWarning: Unknown config option: asyncio_mode
  
    self._warn_or_fail_if_strict(f"Unknown config option: {key}\n")

-- Docs: https://docs.pytest.org/en/stable/how-to/capture-warnings.html
=========================== short test summary info ===========================
FAILED tests/test_base_template_integration.py::TestBaseTemplateIntegration::test_fixed_sidebar_class_applied
1 failed, 168 passed, 4 skipped, 1 warning in 3.88s
